1,0.016125,0.002383
2,0.000379,0.002250
3,0.000262,0.001766
4,0.000290,0.001650
5,0.000298,0.001605
6,0.000300,0.001577
7,0.000300,0.001556
8,0.000301,0.001539
9,0.000301,0.001524
10,0.000301,0.001512
11,0.000301,0.001502
12,0.000301,0.001493
13,0.000301,0.001485
14,0.000301,0.001479
15,0.000301,0.001473
16,0.000302,0.001469
17,0.000302,0.001466
18,0.000302,0.001463
19,0.000302,0.001461
20,0.000302,0.001459
21,0.000302,0.001457
22,0.000302,0.001456
23,0.000302,0.001454
24,0.000302,0.001454
25,0.000302,0.001453
26,0.000302,0.001453
27,0.000302,0.001453
28,0.000302,0.001456
29,0.000302,0.001455
30,0.000302,0.001456
31,0.000302,0.001458
32,0.000302,0.001459
33,0.000302,0.001431
34,0.000302,0.001431
35,0.000302,0.001430
36,0.000302,0.001430
37,0.000302,0.001429
38,0.000302,0.001431
39,0.000302,0.001431
40,0.000302,0.001430
41,0.000302,0.001429
42,0.000302,0.001429
43,0.000302,0.001429
44,0.000302,0.001429
45,0.000302,0.001431
46,0.000302,0.001430
47,0.000302,0.001428
48,0.000302,0.001433
49,0.000302,0.001431
50,0.000302,0.001428
51,0.000302,0.001429
52,0.000302,0.001429
53,0.000302,0.001435
54,0.000302,0.001435
55,0.000302,0.001436
56,0.000302,0.001437
57,0.000302,0.001438
58,0.000302,0.001438
59,0.000301,0.001236
60,0.000297,0.001228
61,0.000297,0.001221
62,0.000297,0.001214
63,0.000297,0.001209
64,0.000297,0.001200
65,0.000296,0.001223
66,0.000297,0.001222
67,0.000297,0.001222
68,0.000297,0.001222
69,0.000297,0.001223
70,0.000297,0.001222
71,0.000297,0.001222
72,0.000297,0.001215
73,0.000297,0.001216
74,0.000297,0.001219
75,0.000297,0.001222
76,0.000351,0.000904
77,0.000339,0.000903
78,0.000341,0.000901
79,0.000343,0.000899
80,0.000344,0.000897
81,0.000344,0.000894
82,0.000345,0.000891
83,0.000345,0.000888
84,0.000345,0.000889
85,0.000345,0.000887
86,0.000345,0.000885
87,0.000345,0.000883
88,0.000345,0.000882
89,0.000345,0.000881
90,0.000345,0.000877
91,0.000356,0.000874
92,0.000346,0.000871
93,0.000346,0.000869
94,0.000346,0.000866
95,0.000346,0.000863
96,0.000345,0.000860
97,0.000345,0.000861
98,0.000345,0.000856
99,0.000345,0.000857
100,0.000345,0.000855
101,0.000345,0.000853
102,0.000341,0.000857
103,0.000343,0.000852
104,0.000339,0.000853
105,0.000340,0.000852
106,0.000337,0.000852
107,0.000337,0.000853
108,0.000335,0.000858
109,0.000336,0.000865
110,0.000334,0.000863
111,0.000334,0.000875
112,0.000333,0.000881
113,0.000331,0.000887
114,0.000332,0.000890
115,0.000331,0.000900
116,0.000331,0.000910
117,0.000453,0.000908
118,0.000462,0.000911
119,0.000447,0.000892
120,0.000469,0.000888
121,0.000473,0.000890
122,0.000474,0.000891
123,0.000476,0.000894
124,0.000477,0.000903
125,0.000477,0.000914
126,0.000477,0.000910
127,0.000477,0.000917
128,0.000499,0.001010
129,0.000593,0.000957
130,0.000615,0.000916
131,0.000690,0.000916
132,0.000734,0.000910
133,0.000665,0.000905
134,0.000686,0.000893
135,0.000605,0.000909
136,0.000739,0.000895
137,0.000521,0.001081
138,0.000621,0.000921
139,0.001382,0.000919
140,0.001458,0.000903
141,0.001484,0.000905
142,0.001699,0.000926
143,0.001260,0.001155
144,0.000900,0.000990
145,0.001394,0.000922
146,0.001592,0.000924
147,0.001674,0.000925
148,0.001792,0.000928
149,0.001853,0.000931
150,0.003174,0.000932
151,0.003245,0.000940
152,0.003304,0.000980
153,0.003265,0.000966
154,0.003327,0.000967
155,0.003331,0.000969
156,0.003342,0.000965
157,0.003306,0.000970
158,0.003327,0.000973
159,0.003341,0.000975
160,0.003333,0.000973
161,0.003824,0.001116
162,0.003682,0.001166
163,0.003654,0.001178
164,0.003647,0.001182
165,0.003643,0.001183
166,0.003641,0.001184
167,0.003638,0.001184
168,0.003636,0.001184
169,0.003624,0.001181
170,0.003629,0.001181
171,0.003612,0.001171
172,0.003742,0.001280
173,0.003692,0.001343
174,0.003672,0.001373
175,0.003662,0.001388
176,0.003663,0.001390
177,0.003654,0.001399
178,0.003651,0.001398
179,0.003649,0.001397
180,0.003647,0.001396
181,0.003644,0.001395
182,0.003642,0.001393
183,0.003658,0.001440
184,0.003646,0.001472
185,0.003642,0.001496
186,0.003634,0.001512
187,0.003630,0.001517
188,0.003628,0.001525
189,0.003625,0.001529
190,0.003622,0.001531
191,0.003628,0.001524
192,0.003623,0.001528
193,0.003620,0.001530
194,0.003611,0.001547
195,0.003608,0.001561
196,0.003605,0.001574
197,0.003602,0.001584
198,0.003592,0.001558
199,0.003599,0.001599
200,0.003595,0.001604
201,0.003593,0.001607
202,0.003592,0.001609
203,0.003590,0.001611
204,0.003588,0.001611
205,0.003578,0.001616
206,0.003577,0.001621
207,0.003575,0.001604
208,0.003582,0.001628
209,0.003574,0.001632
210,0.003573,0.001635
211,0.003572,0.001638
212,0.003571,0.001640
213,0.003570,0.001642
214,0.003569,0.001643
215,0.003568,0.001645
216,0.003561,0.001647
217,0.003561,0.001648
218,0.003560,0.001650
219,0.003560,0.001652
220,0.003559,0.001654
221,0.003559,0.001655
222,0.003558,0.001657
223,0.003558,0.001658
224,0.003557,0.001659
225,0.003557,0.001660
226,0.003556,0.001651
227,0.003554,0.001662
228,0.003552,0.001663
229,0.003552,0.001663
230,0.003552,0.001664
231,0.003551,0.001665
232,0.003543,0.001620
233,0.003548,0.001620
234,0.003547,0.001621
235,0.003547,0.001622
236,0.003547,0.001624
237,0.003546,0.001625
238,0.003545,0.001626
239,0.003544,0.001627
240,0.003544,0.001628
241,0.003544,0.001628
242,0.003544,0.001629
243,0.003544,0.001630
244,0.003544,0.001631
245,0.003543,0.001632
246,0.003543,0.001632
247,0.003543,0.001633
248,0.003543,0.001634
249,0.003542,0.001634
250,0.003542,0.001634
251,0.003542,0.001635
252,0.003542,0.001635
253,0.003541,0.001636
254,0.003541,0.001636
255,0.003541,0.001636
256,0.003541,0.001636
257,0.003542,0.001636
258,0.003541,0.001636
259,0.003542,0.001636
260,0.003541,0.001636
261,0.003541,0.001636
262,0.003540,0.001637
263,0.003540,0.001637
264,0.003540,0.001631
265,0.003545,0.001636
266,0.003540,0.001636
267,0.003540,0.001636
268,0.003540,0.001637
269,0.003540,0.001637
270,0.003540,0.001637
271,0.003540,0.001637
272,0.003540,0.001637
273,0.003540,0.001637
274,0.003540,0.001637
275,0.003542,0.001637
276,0.003540,0.001637
277,0.003540,0.001637
278,0.003540,0.001637
279,0.003540,0.001638
280,0.003540,0.001638
281,0.003540,0.001638
282,0.003540,0.001638
283,0.003540,0.001638
284,0.003540,0.001638
285,0.003540,0.001638
286,0.003541,0.001638
287,0.003540,0.001638
288,0.003540,0.001638
289,0.003540,0.001638
290,0.003540,0.001638
291,0.003540,0.001638
292,0.003541,0.001638
293,0.003539,0.001638
294,0.003539,0.001639
295,0.003539,0.001639
296,0.003539,0.001639
297,0.003539,0.001639
298,0.003539,0.001639
299,0.003540,0.001639
300,0.003539,0.001639
301,0.003539,0.001639
302,0.003540,0.001639
303,0.003539,0.001639
304,0.003539,0.001639
305,0.003539,0.001639
306,0.003539,0.001639
307,0.003540,0.001639
308,0.003539,0.001639
309,0.003539,0.001639
310,0.003539,0.001639
311,0.003539,0.001639
312,0.003539,0.001639
313,0.003539,0.001640
314,0.003539,0.001640
315,0.003539,0.001640
316,0.003539,0.001640
317,0.003539,0.001640
318,0.003539,0.001640
319,0.003540,0.001640
320,0.003538,0.001640
321,0.003538,0.001640
322,0.003538,0.001640
323,0.003538,0.001640
324,0.003538,0.001640
325,0.003538,0.001640
326,0.003540,0.001640
327,0.003538,0.001640
328,0.003538,0.001633
329,0.003547,0.001639
330,0.003538,0.001639
331,0.003538,0.001639
332,0.003538,0.001639
333,0.003538,0.001639
334,0.003538,0.001639
335,0.003538,0.001639
336,0.003538,0.001639
337,0.003538,0.001640
338,0.003539,0.001639
339,0.003538,0.001640
340,0.003538,0.001640
341,0.003538,0.001640
342,0.003538,0.001640
343,0.003538,0.001640
344,0.003538,0.001640
345,0.003539,0.001640
346,0.003538,0.001640
347,0.003538,0.001640
348,0.003538,0.001640
349,0.003537,0.001640
350,0.003538,0.001640
351,0.003538,0.001640
352,0.003537,0.001640
353,0.003537,0.001640
354,0.003538,0.001640
355,0.003537,0.001640
356,0.003537,0.001641
357,0.003537,0.001641
358,0.003539,0.001640
359,0.003537,0.001641
360,0.003537,0.001635
361,0.003541,0.001640
362,0.003537,0.001640
363,0.003537,0.001640
364,0.003537,0.001640
365,0.003538,0.001640
366,0.003537,0.001640
367,0.003537,0.001640
368,0.003537,0.001640
369,0.003538,0.001640
370,0.003537,0.001640
371,0.003537,0.001640
372,0.003537,0.001640
373,0.003538,0.001640
374,0.003537,0.001640
375,0.003537,0.001640
376,0.003537,0.001641
377,0.003537,0.001641
378,0.003537,0.001641
379,0.003537,0.001641
380,0.003537,0.001641
381,0.003537,0.001641
382,0.003537,0.001641
383,0.003538,0.001641
384,0.003536,0.001641
385,0.003536,0.001641
386,0.003536,0.001641
387,0.003536,0.001641
388,0.003536,0.001641
389,0.003536,0.001641
390,0.003537,0.001641
391,0.003536,0.001641
392,0.003536,0.001641
393,0.003536,0.001641
394,0.003536,0.001641
395,0.003536,0.001641
396,0.003536,0.001641
397,0.003536,0.001641
398,0.003536,0.001641
399,0.003536,0.001641
400,0.003536,0.001641
401,0.003536,0.001641
402,0.003536,0.001641
403,0.003536,0.001641
404,0.003536,0.001641
405,0.003536,0.001641
406,0.003536,0.001641
407,0.003536,0.001641
408,0.003537,0.001641
409,0.003536,0.001641
410,0.003535,0.001641
411,0.003535,0.001641
412,0.003535,0.001642
413,0.003536,0.001642
414,0.003535,0.001642
415,0.003537,0.001641
416,0.003535,0.001641
417,0.003535,0.001642
418,0.003535,0.001642
419,0.003537,0.001641
420,0.003535,0.001642
421,0.003535,0.001642
422,0.003535,0.001642
423,0.003535,0.001642
424,0.003535,0.001642
425,0.003535,0.001642
426,0.003535,0.001642
427,0.003535,0.001642
428,0.003536,0.001642
429,0.003535,0.001642
430,0.003535,0.001642
431,0.003535,0.001642
432,0.003535,0.001642
433,0.003536,0.001642
434,0.003535,0.001642
435,0.003535,0.001642
436,0.003535,0.001642
437,0.003536,0.001642
438,0.003535,0.001642
439,0.003535,0.001642
440,0.003534,0.001642
441,0.003535,0.001642
442,0.003534,0.001642
443,0.003535,0.001642
444,0.003535,0.001642
445,0.003535,0.001642
446,0.003535,0.001642
447,0.003535,0.001642
448,0.003534,0.001642
449,0.003536,0.001642
450,0.003534,0.001642
451,0.003534,0.001642
452,0.003534,0.001642
453,0.003534,0.001643
454,0.003534,0.001643
455,0.003535,0.001637
456,0.003537,0.001642
457,0.003534,0.001642
458,0.003534,0.001642
459,0.003534,0.001642
460,0.003534,0.001642
461,0.003534,0.001642
462,0.003534,0.001642
463,0.003534,0.001642
464,0.003534,0.001642
465,0.003534,0.001642
466,0.003534,0.001642
467,0.003534,0.001642
468,0.003534,0.001642
469,0.003534,0.001642
470,0.003534,0.001642
471,0.003534,0.001642
472,0.003534,0.001642
473,0.003534,0.001642
474,0.003534,0.001642
475,0.003534,0.001642
476,0.003533,0.001642
477,0.003533,0.001642
478,0.003535,0.001642
479,0.003533,0.001642
480,0.003533,0.001642
481,0.003533,0.001642
482,0.003533,0.001642
483,0.003533,0.001642
484,0.003534,0.001642
485,0.003533,0.001642
486,0.003533,0.001642
487,0.003533,0.001642
488,0.003533,0.001642
489,0.003534,0.001642
490,0.003533,0.001642
491,0.003533,0.001642
492,0.003533,0.001642
493,0.003534,0.001642
494,0.003533,0.001642
495,0.003533,0.001642
496,0.003533,0.001643
497,0.003533,0.001643
498,0.003533,0.001643
499,0.003532,0.001643
500,0.003533,0.001643
501,0.003533,0.001643
502,0.003533,0.001643
503,0.003532,0.001643
504,0.003533,0.001643
505,0.003533,0.001643
506,0.003532,0.001643
507,0.003532,0.001643
508,0.003532,0.001643
509,0.003532,0.001643
510,0.003532,0.001643
511,0.003532,0.001643
512,0.003532,0.001643
513,0.003532,0.001643
514,0.003532,0.001643
515,0.003532,0.001643
516,0.003532,0.001643
517,0.003532,0.001643
518,0.003532,0.001643
519,0.003533,0.001643
520,0.003532,0.001643
521,0.003532,0.001643
522,0.003532,0.001643
523,0.003532,0.001643
524,0.003532,0.001643
525,0.003532,0.001643
526,0.003532,0.001643
527,0.003532,0.001643
528,0.003532,0.001643
529,0.003532,0.001643
530,0.003532,0.001643
531,0.003532,0.001643
532,0.003531,0.001643
533,0.003533,0.001643
534,0.003531,0.001643
535,0.003531,0.001643
536,0.003533,0.001638
537,0.003534,0.001642
538,0.003531,0.001642
539,0.003531,0.001642
540,0.003531,0.001642
541,0.003531,0.001643
542,0.003533,0.001642
543,0.003531,0.001642
544,0.003531,0.001642
545,0.003531,0.001643
546,0.003531,0.001643
547,0.003531,0.001643
548,0.003531,0.001643
549,0.003532,0.001642
550,0.003531,0.001642
551,0.003531,0.001643
552,0.003531,0.001643
553,0.003532,0.001642
554,0.003531,0.001642
555,0.003531,0.001643
556,0.003531,0.001643
557,0.003531,0.001643
558,0.003531,0.001643
559,0.003532,0.001642
560,0.003531,0.001642
561,0.003530,0.001643
562,0.003531,0.001643
563,0.003531,0.001643
564,0.003530,0.001643
565,0.003530,0.001643
566,0.003530,0.001638
567,0.003534,0.001642
568,0.003530,0.001642
569,0.003530,0.001642
570,0.003530,0.001642
571,0.003530,0.001642
572,0.003531,0.001642
573,0.003530,0.001642
574,0.003530,0.001642
575,0.003530,0.001642
576,0.003530,0.001642
577,0.003530,0.001642
578,0.003530,0.001642
579,0.003530,0.001643
580,0.003531,0.001642
581,0.003530,0.001642
582,0.003530,0.001642
583,0.003530,0.001642
584,0.003530,0.001642
585,0.003530,0.001642
586,0.003530,0.001642
587,0.003530,0.001642
588,0.003530,0.001642
589,0.003530,0.001642
590,0.003530,0.001642
591,0.003530,0.001642
592,0.003531,0.001642
593,0.003529,0.001642
594,0.003529,0.001642
595,0.003529,0.001642
596,0.003529,0.001643
597,0.003531,0.001642
598,0.003529,0.001642
599,0.003529,0.001642
600,0.003529,0.001643
601,0.003529,0.001643
602,0.003529,0.001643
603,0.003529,0.001643
604,0.003529,0.001643
605,0.003531,0.001642
606,0.003529,0.001642
607,0.003529,0.001642
608,0.003529,0.001643
609,0.003530,0.001642
610,0.003529,0.001642
611,0.003529,0.001642
612,0.003529,0.001642
613,0.003529,0.001642
614,0.003529,0.001642
615,0.003529,0.001642
616,0.003529,0.001642
617,0.003529,0.001642
618,0.003529,0.001642
619,0.003529,0.001642
620,0.003529,0.001642
621,0.003529,0.001642
622,0.003529,0.001642
623,0.003529,0.001642
624,0.003529,0.001642
625,0.003529,0.001642
626,0.003529,0.001642
627,0.003528,0.001642
628,0.003530,0.001642
629,0.003528,0.001642
630,0.003528,0.001642
631,0.003528,0.001642
632,0.003528,0.001642
633,0.003530,0.001642
634,0.003528,0.001642
635,0.003528,0.001642
636,0.003528,0.001642
637,0.003528,0.001642
638,0.003529,0.001642
639,0.003528,0.001642
640,0.003528,0.001642
641,0.003528,0.001642
642,0.003528,0.001642
643,0.003528,0.001642
644,0.003528,0.001642
645,0.003528,0.001642
646,0.003528,0.001642
647,0.003528,0.001642
648,0.003529,0.001642
649,0.003528,0.001642
650,0.003528,0.001642
651,0.003528,0.001642
652,0.003528,0.001642
653,0.003528,0.001642
654,0.003528,0.001642
655,0.003528,0.001642
656,0.003528,0.001642
657,0.003527,0.001642
658,0.003529,0.001641
659,0.003527,0.001642
660,0.003527,0.001642
661,0.003528,0.001641
662,0.003527,0.001642
663,0.003527,0.001642
664,0.003528,0.001642
665,0.003527,0.001642
666,0.003527,0.001642
667,0.003528,0.001641
668,0.003527,0.001641
669,0.003528,0.001641
670,0.003527,0.001641
671,0.003527,0.001641
672,0.003527,0.001641
673,0.003527,0.001641
674,0.003527,0.001641
675,0.003527,0.001641
676,0.003528,0.001641
677,0.003527,0.001641
678,0.003527,0.001641
679,0.003527,0.001641
680,0.003527,0.001641
681,0.003527,0.001641
682,0.003527,0.001641
683,0.003528,0.001641
684,0.003526,0.001641
685,0.003527,0.001641
686,0.003527,0.001641
687,0.003527,0.001641
688,0.003527,0.001641
689,0.003527,0.001641
690,0.003527,0.001641
691,0.003527,0.001641
692,0.003526,0.001641
693,0.003526,0.001641
694,0.003526,0.001641
695,0.003526,0.001641
696,0.003526,0.001641
697,0.003526,0.001641
698,0.003526,0.001641
699,0.003526,0.001641
700,0.003526,0.001641
701,0.003526,0.001641
702,0.003526,0.001641
703,0.003526,0.001641
704,0.003527,0.001641
705,0.003526,0.001641
706,0.003526,0.001641
707,0.003526,0.001641
708,0.003526,0.001641
709,0.003526,0.001641
710,0.003526,0.001641
711,0.003526,0.001641
712,0.003526,0.001641
713,0.003526,0.001641
714,0.003526,0.001641
715,0.003526,0.001641
716,0.003526,0.001641
717,0.003526,0.001641
718,0.003525,0.001641
719,0.003526,0.001640
720,0.003525,0.001640
721,0.003525,0.001640
722,0.003526,0.001636
723,0.003528,0.001639
724,0.003525,0.001640
725,0.003525,0.001640
726,0.003526,0.001639
727,0.003525,0.001639
728,0.003525,0.001640
729,0.003525,0.001640
730,0.003526,0.001639
731,0.003525,0.001639
732,0.003525,0.001639
733,0.003525,0.001639
734,0.003525,0.001639
735,0.003525,0.001639
736,0.003525,0.001640
737,0.003525,0.001640
738,0.003525,0.001640
739,0.003526,0.001639
740,0.003525,0.001639
741,0.003525,0.001640
742,0.003525,0.001640
743,0.003526,0.001639
744,0.003525,0.001639
745,0.003524,0.001639
746,0.003525,0.001639
747,0.003525,0.001639
748,0.003525,0.001639
749,0.003525,0.001639
750,0.003525,0.001639
751,0.003525,0.001639
752,0.003525,0.001639
753,0.003524,0.001639
754,0.003525,0.001639
755,0.003524,0.001639
756,0.003524,0.001639
757,0.003524,0.001639
758,0.003525,0.001639
759,0.003524,0.001639
760,0.003524,0.001639
761,0.003524,0.001639
762,0.003524,0.001639
763,0.003524,0.001639
764,0.003524,0.001639
765,0.003524,0.001639
766,0.003524,0.001639
767,0.003524,0.001639
768,0.003524,0.001639
769,0.003524,0.001639
770,0.003524,0.001639
771,0.003524,0.001639
772,0.003524,0.001639
773,0.003524,0.001639
774,0.003524,0.001639
775,0.003524,0.001639
776,0.003524,0.001639
777,0.003524,0.001639
778,0.003524,0.001639
779,0.003524,0.001639
780,0.003524,0.001639
781,0.003524,0.001639
782,0.003524,0.001639
783,0.003523,0.001639
784,0.003523,0.001639
785,0.003523,0.001639
786,0.003523,0.001639
787,0.003523,0.001639
788,0.003524,0.001639
789,0.003523,0.001639
790,0.003523,0.001639
791,0.003523,0.001639
792,0.003523,0.001639
793,0.003523,0.001639
794,0.003523,0.001639
795,0.003523,0.001639
796,0.003523,0.001639
797,0.003524,0.001638
798,0.003523,0.001638
799,0.003523,0.001638
800,0.003524,0.001638
801,0.003523,0.001638
802,0.003523,0.001638
803,0.003523,0.001638
804,0.003524,0.001638
805,0.003523,0.001638
806,0.003523,0.001638
807,0.003523,0.001638
808,0.003524,0.001638
809,0.003522,0.001638
810,0.003522,0.001638
811,0.003522,0.001638
812,0.003522,0.001633
813,0.003527,0.001637
814,0.003522,0.001637
815,0.003522,0.001637
816,0.003522,0.001637
817,0.003522,0.001637
818,0.003522,0.001637
819,0.003524,0.001637
820,0.003522,0.001637
821,0.003522,0.001637
822,0.003522,0.001637
823,0.003522,0.001638
824,0.003523,0.001637
825,0.003522,0.001637
826,0.003522,0.001637
827,0.003522,0.001637
828,0.003522,0.001637
829,0.003522,0.001637
830,0.003522,0.001637
831,0.003522,0.001637
832,0.003522,0.001637
833,0.003522,0.001637
834,0.003523,0.001637
835,0.003522,0.001637
836,0.003522,0.001637
837,0.003522,0.001637
838,0.003521,0.001637
839,0.003522,0.001637
840,0.003522,0.001637
841,0.003521,0.001637
842,0.003521,0.001637
843,0.003521,0.001637
844,0.003521,0.001637
845,0.003521,0.001637
846,0.003522,0.001637
847,0.003521,0.001637
848,0.003521,0.001637
849,0.003521,0.001637
850,0.003522,0.001637
851,0.003521,0.001637
852,0.003521,0.001637
853,0.003522,0.001637
854,0.003521,0.001637
855,0.003521,0.001637
856,0.003521,0.001637
857,0.003521,0.001637
858,0.003521,0.001637
859,0.003521,0.001637
860,0.003521,0.001637
861,0.003521,0.001637
862,0.003521,0.001637
863,0.003521,0.001637
864,0.003521,0.001637
865,0.003521,0.001637
866,0.003521,0.001637
867,0.003521,0.001637
868,0.003521,0.001637
869,0.003521,0.001637
870,0.003522,0.001637
871,0.003520,0.001637
872,0.003520,0.001637
873,0.003520,0.001637
874,0.003520,0.001637
875,0.003521,0.001637
876,0.003520,0.001637
877,0.003520,0.001632
878,0.003523,0.001636
879,0.003520,0.001636
880,0.003520,0.001636
881,0.003520,0.001636
882,0.003520,0.001636
883,0.003520,0.001636
884,0.003520,0.001636
885,0.003520,0.001636
886,0.003520,0.001636
887,0.003520,0.001636
888,0.003520,0.001636
889,0.003520,0.001636
890,0.003521,0.001636
891,0.003520,0.001636
892,0.003520,0.001636
893,0.003520,0.001636
894,0.003520,0.001636
895,0.003521,0.001636
896,0.003520,0.001636
897,0.003520,0.001636
898,0.003520,0.001636
899,0.003520,0.001636
900,0.003520,0.001636
901,0.003520,0.001636
902,0.003521,0.001636
903,0.003519,0.001636
904,0.003519,0.001635
905,0.003521,0.001636
906,0.003519,0.001636
907,0.003519,0.001636
908,0.003520,0.001635
909,0.003519,0.001635
910,0.003519,0.001636
911,0.003519,0.001636
912,0.003520,0.001635
913,0.003519,0.001635
914,0.003519,0.001636
915,0.003519,0.001636
916,0.003519,0.001636
917,0.003520,0.001635
918,0.003519,0.001635
919,0.003519,0.001635
920,0.003519,0.001635
921,0.003519,0.001636
922,0.003519,0.001635
923,0.003519,0.001636
924,0.003519,0.001636
925,0.003519,0.001636
926,0.003519,0.001636
927,0.003520,0.001635
928,0.003519,0.001635
929,0.003519,0.001635
930,0.003519,0.001635
931,0.003520,0.001635
932,0.003518,0.001635
933,0.003518,0.001635
934,0.003518,0.001635
935,0.003518,0.001635
936,0.003520,0.001635
937,0.003518,0.001635
938,0.003518,0.001635
939,0.003520,0.001635
940,0.003518,0.001635
941,0.003518,0.001635
942,0.003518,0.001635
943,0.003518,0.001635
944,0.003519,0.001635
945,0.003518,0.001635
946,0.003518,0.001635
947,0.003518,0.001635
948,0.003518,0.001635
949,0.003518,0.001635
950,0.003519,0.001635
951,0.003518,0.001635
952,0.003518,0.001635
953,0.003518,0.001635
954,0.003518,0.001635
955,0.003518,0.001635
956,0.003518,0.001635
957,0.003518,0.001635
958,0.003518,0.001635
959,0.003518,0.001635
960,0.003518,0.001635
961,0.003518,0.001635
962,0.003518,0.001635
963,0.003519,0.001634
964,0.003517,0.001634
965,0.003517,0.001635
966,0.003517,0.001635
967,0.003517,0.001635
968,0.003518,0.001634
969,0.003517,0.001634
970,0.003517,0.001634
971,0.003517,0.001635
972,0.003517,0.001634
973,0.003517,0.001635
974,0.003518,0.001634
975,0.003517,0.001634
976,0.003517,0.001634
977,0.003517,0.001635
978,0.003518,0.001634
979,0.003517,0.001634
980,0.003517,0.001634
981,0.003518,0.001634
982,0.003517,0.001634
983,0.003517,0.001634
984,0.003517,0.001634
985,0.003516,0.001627
986,0.003527,0.001633
987,0.003517,0.001633
988,0.003517,0.001633
989,0.003517,0.001633
990,0.003517,0.001633
991,0.003518,0.001633
992,0.003517,0.001633
993,0.003517,0.001633
994,0.003517,0.001633
995,0.003517,0.001633
996,0.003517,0.001633
997,0.003517,0.001633
998,0.003516,0.001633
999,0.003518,0.001633
1000,0.003516,0.001633
1001,0.003516,0.001633
1002,0.003518,0.001633
1003,0.003516,0.001633
1004,0.003516,0.001633
1005,0.003516,0.001633
1006,0.003517,0.001633
1007,0.003516,0.001633
1008,0.003516,0.001633
1009,0.003516,0.001633
1010,0.003516,0.001633
1011,0.003516,0.001633
1012,0.003516,0.001633
1013,0.003516,0.001633
1014,0.003516,0.001633
1015,0.003516,0.001633
1016,0.003516,0.001633
1017,0.003516,0.001633
1018,0.003516,0.001633
1019,0.003516,0.001633
1020,0.003516,0.001633
1021,0.003517,0.001633
1022,0.003516,0.001633
1023,0.003516,0.001633
1024,0.003515,0.001628
1025,0.003519,0.001632
1026,0.003516,0.001632
1027,0.003516,0.001632
1028,0.003517,0.001632
1029,0.003515,0.001632
1030,0.003515,0.001632
1031,0.003515,0.001632
1032,0.003515,0.001632
1033,0.003516,0.001632
1034,0.003515,0.001632
1035,0.003516,0.001632
1036,0.003515,0.001632
1037,0.003515,0.001632
1038,0.003515,0.001632
1039,0.003515,0.001632
1040,0.003515,0.001632
1041,0.003515,0.001632
1042,0.003515,0.001632
1043,0.003516,0.001632
1044,0.003515,0.001632
1045,0.003515,0.001632
1046,0.003515,0.001632
1047,0.003515,0.001632
1048,0.003516,0.001631
1049,0.003515,0.001632
